---
source: tui/src/main.rs
expression: terminal.backend()
---
"┌[ Messages ]──────────────────────────────────────────────────┐┌[ Rooms ]─────┐"
"│                                                              ││              │"
"│                                                              ││              │"
"│                                                              ││              │"
"│                                                              ││              │"
"│                                                              ││              │"
"│                                                              ││              │"
"│                                                              ││              │"
"│                                                              ││              │"
"│                                                              ││              │"
"│                                                              ││              │"
"│                                                              ││              │"
"│                                                              ││              │"
"│                                                              ││              │"
"│                                                              ││              │"
"│                                                              ││              │"
"└──────────────────────────────────────────────────────────────┘└──────────────┘"
"┌[ Send message () ]───────────────────────────────────────────────────────────┐"
"│ Start typing...                                                              │"
"└──────────────────────────────────────────────────────────────────────────[  ]┘"
